Component: ARM Compiler 6.16 Tool: armlink [5dfeaa00]

==============================================================================

Section Cross References

    adc.o(.text.init_temperature_ADC) refers to adc.o(.bss.Celcius) for Celcius
    adc.o(.text.init_temperature_ADC) refers to adc.o(.bss.ADCConverted) for ADCConverted
    adc.o(.ARM.exidx.text.init_temperature_ADC) refers to adc.o(.text.init_temperature_ADC) for [Anonymous Symbol]
    adc.o(.text.ADC1_2_IRQHandler) refers to adc.o(.bss.Celcius) for Celcius
    adc.o(.text.ADC1_2_IRQHandler) refers to adc.o(.bss.ADCConverted) for ADCConverted
    adc.o(.ARM.exidx.text.ADC1_2_IRQHandler) refers to adc.o(.text.ADC1_2_IRQHandler) for [Anonymous Symbol]
    dot_matrix.o(.text.init_dot_pattern) refers to dot_matrix.o(.data.font8x8) for font8x8
    dot_matrix.o(.ARM.exidx.text.init_dot_pattern) refers to dot_matrix.o(.text.init_dot_pattern) for [Anonymous Symbol]
    dot_matrix.o(.text.init_dot_display) refers to gpio.o(.text.init_GPIO_pin) for init_GPIO_pin
    dot_matrix.o(.text.init_dot_display) refers to timer.o(.text.fast_interrupt_setup) for fast_interrupt_setup
    dot_matrix.o(.text.init_dot_display) refers to timer.o(.text.fast_interrupt2_setup) for fast_interrupt2_setup
    dot_matrix.o(.text.init_dot_display) refers to dot_matrix.o(.text.claer_output_buf) for claer_output_buf
    dot_matrix.o(.text.init_dot_display) refers to dot_matrix.o(.bss.interrupt_display_ptr) for interrupt_display_ptr
    dot_matrix.o(.ARM.exidx.text.init_dot_display) refers to dot_matrix.o(.text.init_dot_display) for [Anonymous Symbol]
    dot_matrix.o(.ARM.exidx.text.claer_output_buf) refers to dot_matrix.o(.text.claer_output_buf) for [Anonymous Symbol]
    dot_matrix.o(.text.print_string_display) refers to strlen.o(.text) for strlen
    dot_matrix.o(.text.print_string_display) refers to h1_free.o(.text) for free
    dot_matrix.o(.text.print_string_display) refers to h1_alloc.o(.text) for malloc
    dot_matrix.o(.text.print_string_display) refers to dot_matrix.o(.text.claer_output_buf) for claer_output_buf
    dot_matrix.o(.text.print_string_display) refers to dot_matrix.o(.text.turn_on_display) for turn_on_display
    dot_matrix.o(.text.print_string_display) refers to strcpy.o(.text) for strcpy
    dot_matrix.o(.ARM.exidx.text.print_string_display) refers to dot_matrix.o(.text.print_string_display) for [Anonymous Symbol]
    dot_matrix.o(.ARM.exidx.text.turn_on_display) refers to dot_matrix.o(.text.turn_on_display) for [Anonymous Symbol]
    dot_matrix.o(.text.flash_toggle) refers to dot_matrix.o(.text.flash_display) for flash_display
    dot_matrix.o(.text.flash_toggle) refers to timer.o(.text.request_function_call) for request_function_call
    dot_matrix.o(.text.flash_toggle) refers to timer.o(.text.no_more_function_call) for no_more_function_call
    dot_matrix.o(.ARM.exidx.text.flash_toggle) refers to dot_matrix.o(.text.flash_toggle) for [Anonymous Symbol]
    dot_matrix.o(.text.flash_display) refers to main.o(.bss.main_display) for main_display
    dot_matrix.o(.ARM.exidx.text.flash_display) refers to dot_matrix.o(.text.flash_display) for [Anonymous Symbol]
    dot_matrix.o(.text.rotate_display) refers to dot_matrix.o(.text.claer_output_buf) for claer_output_buf
    dot_matrix.o(.text.rotate_display) refers to dot_matrix.o(.text.turn_on_display) for turn_on_display
    dot_matrix.o(.ARM.exidx.text.rotate_display) refers to dot_matrix.o(.text.rotate_display) for [Anonymous Symbol]
    dot_matrix.o(.text.reverse_rolling) refers to dot_matrix.o(.text.claer_output_buf) for claer_output_buf
    dot_matrix.o(.text.reverse_rolling) refers to dot_matrix.o(.text.turn_on_display) for turn_on_display
    dot_matrix.o(.ARM.exidx.text.reverse_rolling) refers to dot_matrix.o(.text.reverse_rolling) for [Anonymous Symbol]
    dot_matrix.o(.text.turn_off_display) refers to dot_matrix.o(.text.claer_output_buf) for claer_output_buf
    dot_matrix.o(.ARM.exidx.text.turn_off_display) refers to dot_matrix.o(.text.turn_off_display) for [Anonymous Symbol]
    dot_matrix.o(.text.TIM4_IRQHandler) refers to main.o(.bss.main_display) for main_display
    dot_matrix.o(.text.TIM4_IRQHandler) refers to dot_matrix.o(.data.font8x8) for font8x8
    dot_matrix.o(.ARM.exidx.text.TIM4_IRQHandler) refers to dot_matrix.o(.text.TIM4_IRQHandler) for [Anonymous Symbol]
    dot_matrix.o(.text.TIM3_IRQHandler) refers to main.o(.bss.main_display) for main_display
    dot_matrix.o(.text.TIM3_IRQHandler) refers to gpio.o(.text.write_val_to_GPIO) for write_val_to_GPIO
    dot_matrix.o(.ARM.exidx.text.TIM3_IRQHandler) refers to dot_matrix.o(.text.TIM3_IRQHandler) for [Anonymous Symbol]
    gpio.o(.text.init_GPIO_pin) refers to gpio.o(.rodata.str1.1) for .L.str
    gpio.o(.text.init_GPIO_pin) refers to assert.o(.text) for __aeabi_assert
    gpio.o(.ARM.exidx.text.init_GPIO_pin) refers to gpio.o(.text.init_GPIO_pin) for [Anonymous Symbol]
[...]
    .ARM.Collect$$rtentry$$00000002          0x08000268   Section        0  __rtentry2.o(.ARM.Collect$$rtentry$$00000002)
    .ARM.Collect$$rtentry$$00000004          0x08000268   Section        6  __rtentry4.o(.ARM.Collect$$rtentry$$00000004)
    .ARM.Collect$$rtentry$$00000009          0x0800026e   Section        0  __rtentry2.o(.ARM.Collect$$rtentry$$00000009)
    .ARM.Collect$$rtentry$$0000000A          0x0800026e   Section        4  __rtentry2.o(.ARM.Collect$$rtentry$$0000000A)
    .ARM.Collect$$rtentry$$0000000C          0x08000272   Section        0  __rtentry2.o(.ARM.Collect$$rtentry$$0000000C)
    .ARM.Collect$$rtentry$$0000000D          0x08000272   Section        8  __rtentry2.o(.ARM.Collect$$rtentry$$0000000D)
    .ARM.Collect$$rtexit$$00000000           0x0800027a   Section        2  rtexit.o(.ARM.Collect$$rtexit$$00000000)
    .ARM.Collect$$rtexit$$00000002           0x0800027c   Section        0  rtexit2.o(.ARM.Collect$$rtexit$$00000002)
    .ARM.Collect$$rtexit$$00000003           0x0800027c   Section        4  rtexit2.o(.ARM.Collect$$rtexit$$00000003)
    .ARM.Collect$$rtexit$$00000004           0x08000280   Section        6  rtexit2.o(.ARM.Collect$$rtexit$$00000004)
    .emb_text                                0x08000288   Section       52  rand.o(.emb_text)
    .text                                    0x080002bc   Section       64  startup_stm32f10x_md.o(.text)
    .text                                    0x080002fc   Section        0  h1_alloc.o(.text)
    .text                                    0x0800035a   Section        0  h1_free.o(.text)
    .text                                    0x080003a8   Section        0  sprintf.o(.text)
    .text                                    0x080003d4   Section        0  abs.o(.text)
    .text                                    0x080003dc   Section        0  rand.o(.text)
    .text                                    0x08000418   Section        0  assert.o(.text)
    .text                                    0x08000498   Section        0  strcpy.o(.text)
    .text                                    0x080004e0   Section        0  strlen.o(.text)
    .text                                    0x0800051e   Section        0  heapauxi.o(.text)
    .text                                    0x08000524   Section        8  rt_heap_descriptor_intlibspace.o(.text)
    .text                                    0x0800052c   Section        0  hguard.o(.text)
    .text                                    0x08000530   Section        0  init_alloc.o(.text)
    .text                                    0x080005ba   Section        0  h1_init.o(.text)
    .text                                    0x080005c8   Section        0  _printf_pad.o(.text)
    .text                                    0x08000616   Section        0  _printf_truncate.o(.text)
    .text                                    0x0800063a   Section        0  _printf_str.o(.text)
    .text                                    0x0800068c   Section        0  _printf_dec.o(.text)
    .text                                    0x08000704   Section        0  _printf_charcount.o(.text)
    _printf_input_char                       0x0800072d   Thumb Code    10  _printf_char_common.o(.text)
    .text                                    0x0800072c   Section        0  _printf_char_common.o(.text)
    .text                                    0x0800075c   Section        0  _sputc.o(.text)
    .text                                    0x08000768   Section        0  _printf_wctomb.o(.text)
    .text                                    0x08000824   Section        0  _printf_longlong_dec.o(.text)
    _printf_longlong_oct_internal            0x080008a1   Thumb Code     0  _printf_oct_int_ll.o(.text)
    .text                                    0x080008a0   Section        0  _printf_oct_int_ll.o(.text)
    _printf_hex_common                       0x08000911   Thumb Code     0  _printf_hex_int_ll_ptr.o(.text)
    .text                                    0x08000910   Section        0  _printf_hex_int_ll_ptr.o(.text)
    .text                                    0x080009a4   Section        0  __printf_flags_ss_wp.o(.text)
    .text                                    0x08000b2c   Section        0  abort.o(.text)
    .text                                    0x08000b42   Section        0  assert_puts.o(.text)
    .text                                    0x08000b56   Section        0  sys_wrch.o(.text)
    .text                                    0x08000b64   Section        0  sys_exit.o(.text)
    .text                                    0x08000b70   Section        8  libspace.o(.text)
    .text                                    0x08000b78   Section        0  maybetermalloc1.o(.text)
    .text                                    0x08000b78   Section        0  h1_extend.o(.text)
    .text                                    0x08000bac   Section      138  lludiv10.o(.text)
    .text                                    0x08000c36   Section        0  _printf_intcommon.o(.text)
    _fp_digits                               0x08000ce9   Thumb Code   432  _printf_fp_dec.o(.text)
    .text                                    0x08000ce8   Section        0  _printf_fp_dec.o(.text)
    .text                                    0x08001104   Section        0  _printf_fp_hex.o(.text)
    .text                                    0x08001400   Section        0  _printf_char.o(.text)
    .text                                    0x0800142c   Section        0  _printf_wchar.o(.text)
    .text                                    0x08001458   Section        0  _c16rtomb.o(.text)
    .text                                    0x080014a0   Section        0  defsig_abrt_outer.o(.text)
    .text                                    0x080014ae   Section        0  defsig_rtmem_outer.o(.text)
    .text                                    0x080014bc   Section        2  use_no_semi.o(.text)
    .text                                    0x080014be   Section        0  indicate_semi.o(.text)
    .text                                    0x080014be   Section       74  sys_stackheap_outer.o(.text)
    .text                                    0x08001508   Section       16  rt_ctype_table.o(.text)
    .text                                    0x08001518   Section        8  rt_locale_intlibspace.o(.text)
    .text                                    0x08001520   Section        0  _printf_fp_infnan.o(.text)
    .text                                    0x080015a0   Section        0  bigflt0.o(.text)
    .text                                    0x08001684   Section        0  exit.o(.text)
    .text                                    0x08001696   Section        0  defsig_exit.o(.text)
    .text                                    0x080016a0   Section        0  defsig_abrt_inner.o(.text)
    .text                                    0x080016d0   Section        0  defsig_rtmem_inner.o(.text)
    .text                                    0x08001720   Section        0  defsig_general.o(.text)
    .text                                    0x08001754   Section      128  strcmpv7m.o(.text)
    [Anonymous Symbol]                       0x080017d4   Section        0  adc.o(.text.ADC1_2_IRQHandler)
    [Anonymous Symbol]                       0x0800180c   Section        0  stm32f10x_flash.o(.text.FLASH_ErasePage)
    [Anonymous Symbol]                       0x08001878   Section        0  stm32f10x_flash.o(.text.FLASH_GetBank1Status)
    [Anonymous Symbol]                       0x080018e0   Section        0  stm32f10x_flash.o(.text.FLASH_Lock)
    [Anonymous Symbol]                       0x080018f4   Section        0  stm32f10x_flash.o(.text.FLASH_ProgramWord)
    [Anonymous Symbol]                       0x08001994   Section        0  stm32f10x_flash.o(.text.FLASH_Unlock)
    [Anonymous Symbol]                       0x080019b4   Section        0  stm32f10x_flash.o(.text.FLASH_WaitForLastOperation)
    SetSysClock                              0x08001a15   Thumb Code     8  system_stm32f10x.o(.text.SetSysClock)
    [Anonymous Symbol]                       0x08001a14   Section        0  system_stm32f10x.o(.text.SetSysClock)
    SetSysClockTo72                          0x08001a1d   Thumb Code   290  system_stm32f10x.o(.text.SetSysClockTo72)
    [Anonymous Symbol]                       0x08001a1c   Section        0  system_stm32f10x.o(.text.SetSysClockTo72)
    [Anonymous Symbol]                       0x08001b40   Section        0  main.o(.text.StateMachine)
    [Anonymous Symbol]                       0x080020a4   Section        0  system_stm32f10x.o(.text.SystemInit)
    [Anonymous Symbol]                       0x0800210c   Section        0  timer.o(.text.TIM1_UP_IRQHandler)
    [Anonymous Symbol]                       0x080021f8   Section        0  timer.o(.text.TIM2_IRQHandler)
    [Anonymous Symbol]                       0x080022b8   Section        0  dot_matrix.o(.text.TIM3_IRQHandler)
    [Anonymous Symbol]                       0x0800234c   Section        0  dot_matrix.o(.text.TIM4_IRQHandler)
    [Anonymous Symbol]                       0x08002544   Section        0  usart.o(.text.Tx_Link)
    [Anonymous Symbol]                       0x08002624   Section        0  usart.o(.text.USART1_IRQHandler)
    boot_up_read_flash                       0x080027c9   Thumb Code    94  main.o(.text.boot_up_read_flash)
    [Anonymous Symbol]                       0x080027c8   Section        0  main.o(.text.boot_up_read_flash)
    [Anonymous Symbol]                       0x08002828   Section        0  dot_matrix.o(.text.claer_output_buf)
    [Anonymous Symbol]                       0x08002854   Section        0  usart.o(.text.demux_message)
    [Anonymous Symbol]                       0x080028b8   Section        0  timer.o(.text.fast_interrupt2_setup)
    [Anonymous Symbol]                       0x080028e8   Section        0  timer.o(.text.fast_interrupt_setup)
    [Anonymous Symbol]                       0x08002918   Section        0  dot_matrix.o(.text.flash_display)
    [Anonymous Symbol]                       0x0800294c   Section        0  dot_matrix.o(.text.flash_toggle)
    [Anonymous Symbol]                       0x08002988   Section        0  gpio.o(.text.init_GPIO_pin)
    [Anonymous Symbol]                       0x08002bec   Section        0  usart.o(.text.init_USART)
    [Anonymous Symbol]                       0x08002ce0   Section        0  dot_matrix.o(.text.init_dot_display)
    [Anonymous Symbol]                       0x08002d70   Section        0  dot_matrix.o(.text.init_dot_pattern)
    [Anonymous Symbol]                       0x08002e10   Section        0  timer.o(.text.init_timer)
    [Anonymous Symbol]                       0x08002f84   Section        0  main.o(.text.main)
    [Anonymous Symbol]                       0x08003024   Section        0  usart.o(.text.monitoring_periodically)
    [Anonymous Symbol]                       0x080030a0   Section        0  usart.o(.text.monitoring_rcv)
    [Anonymous Symbol]                       0x080030b4   Section        0  usart.o(.text.monitoring_repeat_send)
    [Anonymous Symbol]                       0x080030d0   Section        0  usart.o(.text.monitoring_send)
    [Anonymous Symbol]                       0x080030ec   Section        0  timer.o(.text.no_more_function_call)
    [Anonymous Symbol]                       0x08003154   Section        0  timer.o(.text.now_time)
    [Anonymous Symbol]                       0x08003160   Section        0  dot_matrix.o(.text.print_string_display)
    [Anonymous Symbol]                       0x080031e8   Section        0  main.o(.text.print_temp)
    [Anonymous Symbol]                       0x08003288   Section        0  main.o(.text.print_time)
    [Anonymous Symbol]                       0x08003354   Section        0  timer.o(.text.request_function_call)
    [Anonymous Symbol]                       0x0800340c   Section        0  dot_matrix.o(.text.reverse_rolling)
    [Anonymous Symbol]                       0x08003448   Section        0  dot_matrix.o(.text.rotate_display)
    [Anonymous Symbol]                       0x0800347c   Section        0  timer.o(.text.run_clock)
    [Anonymous Symbol]                       0x0800348c   Section        0  usart.o(.text.send_message)
    [Anonymous Symbol]                       0x08003578   Section        0  timer.o(.text.set_second_pointer)
    [Anonymous Symbol]                       0x080035a0   Section        0  usart.o(.text.set_up_monitoring_master)
    [Anonymous Symbol]                       0x080035bc   Section        0  timer.o(.text.stop_clock)
    store_data                               0x080035cd   Thumb Code   196  main.o(.text.store_data)
    [Anonymous Symbol]                       0x080035cc   Section        0  main.o(.text.store_data)
    [Anonymous Symbol]                       0x08003690   Section        0  dot_matrix.o(.text.turn_on_display)
    [Anonymous Symbol]                       0x080036a4   Section        0  gpio.o(.text.write_val_to_GPIO)
    CL$$btod_d2e                             0x08003702   Section       62  btod.o(CL$$btod_d2e)
    CL$$btod_d2e_denorm_low                  0x08003740   Section       70  btod.o(CL$$btod_d2e_denorm_low)
    CL$$btod_d2e_norm_op1                    0x08003786   Section       96  btod.o(CL$$btod_d2e_norm_op1)
    CL$$btod_div_common                      0x080037e8   Section      824  btod.o(CL$$btod_div_common)
    CL$$btod_e2e                             0x08003b20   Section      220  btod.o(CL$$btod_e2e)
    CL$$btod_ediv                            0x08003bfc   Section       42  btod.o(CL$$btod_ediv)
    CL$$btod_emul                            0x08003c26   Section       42  btod.o(CL$$btod_emul)
    CL$$btod_mult_common                     0x08003c50   Section      580  btod.o(CL$$btod_mult_common)
    i.__ARM_fpclassify                       0x08003e94   Section        0  fpclassify.o(i.__ARM_fpclassify)
    i._is_digit                              0x08003ebc   Section        0  __printf_wp.o(i._is_digit)
    locale$$code                             0x08003ecc   Section       44  lc_numeric_c.o(locale$$code)
    locale$$code                             0x08003ef8   Section       44  lc_ctype_c.o(locale$$code)
    x$fpl$printf1                            0x08003f24   Section        4  printf1.o(x$fpl$printf1)
    x$fpl$printf2                            0x08003f28   Section        4  printf2.o(x$fpl$printf2)
    initial_mbstate                          0x08003f2c   Data           8  _printf_wctomb.o(.constdata)
    .constdata                               0x08003f2c   Section        8  _printf_wctomb.o(.constdata)
    x$fpl$usenofp                            0x08003f2c   Section        0  usenofp.o(x$fpl$usenofp)
    uc_hextab                                0x08003f34   Data          20  _printf_hex_int_ll_ptr.o(.constdata)
    .constdata                               0x08003f34   Section       40  _printf_hex_int_ll_ptr.o(.constdata)
    lc_hextab                                0x08003f48   Data          20  _printf_hex_int_ll_ptr.o(.constdata)
    maptable                                 0x08003f5c   Data          17  __printf_flags_ss_wp.o(.constdata)
    .constdata                               0x08003f5c   Section       17  __printf_flags_ss_wp.o(.constdata)
    lc_hextab                                0x08003f6d   Data          19  _printf_fp_hex.o(.constdata)
    .constdata                               0x08003f6d   Section       38  _printf_fp_hex.o(.constdata)
    uc_hextab                                0x08003f80   Data          19  _printf_fp_hex.o(.constdata)
    tenpwrs_x                                0x08003f94   Data          60  bigflt0.o(.constdata)
    .constdata                               0x08003f94   Section      148  bigflt0.o(.constdata)
    tenpwrs_i                                0x08003fd0   Data          64  bigflt0.o(.constdata)
    .L.str.3                                 0x08004028   Data          21  gpio.o(.rodata.str1.1)
    [Anonymous Symbol]                       0x08004028   Section        0  gpio.o(.rodata.str1.1)
    .L.str.2                                 0x0800403b   Data           2  gpio.o(.rodata.str1.1)
    .L.str                                   0x0800403d   Data          73  gpio.o(.rodata.str1.1)
    .L.str.1                                 0x08004086   Data          11  gpio.o(.rodata.str1.1)
    .L.str                                   0x08004091   Data           2  main.o(.rodata.str1.1)
    [Anonymous Symbol]                       0x08004091   Section        0  main.o(.rodata.str1.1)
    .L.str.3                                 0x08004093   Data          11  main.o(.rodata.str1.1)
    .L.str.4                                 0x0800409e   Data          11  main.o(.rodata.str1.1)
    .L.str.2                                 0x080040a9   Data          13  main.o(.rodata.str1.1)
    .L.str.1                                 0x080040b6   Data          15  main.o(.rodata.str1.1)
    .L.str.3                                 0x080040c5   Data          11  timer.o(.rodata.str1.1)
    [Anonymous Symbol]                       0x080040c5   Section        0  timer.o(.rodata.str1.1)
    .L.str.2                                 0x080040d0   Data          21  timer.o(.rodata.str1.1)
    .L.str.1                                 0x080040e5   Data          12  timer.o(.rodata.str1.1)
    .L.str                                   0x080040f1   Data          17  timer.o(.rodata.str1.1)
    locale$$data                             0x08004124   Section       28  lc_numeric_c.o(locale$$data)
    __lcnum_c_name                           0x08004128   Data           2  lc_numeric_c.o(locale$$data)
    __lcnum_c_start                          0x08004130   Data           0  lc_numeric_c.o(locale$$data)
    __lcnum_c_point                          0x0800413c   Data           0  lc_numeric_c.o(locale$$data)
    __lcnum_c_thousands                      0x0800413e   Data           0  lc_numeric_c.o(locale$$data)
    __lcnum_c_grouping                       0x0800413f   Data           0  lc_numeric_c.o(locale$$data)
    __lcnum_c_end                            0x08004140   Data           0  lc_numeric_c.o(locale$$data)
    locale$$data                             0x08004140   Section      272  lc_ctype_c.o(locale$$data)
    __lcctype_c_name                         0x08004144   Data           2  lc_ctype_c.o(locale$$data)
    __lcctype_c_start                        0x0800414c   Data           0  lc_ctype_c.o(locale$$data)
    __lcctype_c_end                          0x08004250   Data           0  lc_ctype_c.o(locale$$data)
    .bss                                     0x20000800   Section      228  rand.o(.bss)
    .bss                                     0x200008e4   Section       96  libspace.o(.bss)
    ADCConverted                             0x20000944   Data           2  adc.o(.bss.ADCConverted)
    [Anonymous Symbol]                       0x20000944   Section        0  adc.o(.bss.ADCConverted)
    StateMachine.pre_state                   0x20000954   Data           1  main.o(.bss.StateMachine.pre_state)
    [Anonymous Symbol]                       0x20000954   Section        0  main.o(.bss.StateMachine.pre_state)
    Total_Elapsed_Sec                        0x20000960   Data           8  timer.o(.bss.Total_Elapsed_Sec)
    [Anonymous Symbol]                       0x20000960   Section        0  timer.o(.bss.Total_Elapsed_Sec)
    Total_Elapsed_Tick                       0x20000968   Data           8  timer.o(.bss.Total_Elapsed_Tick)
    [Anonymous Symbol]                       0x20000968   Section        0  timer.o(.bss.Total_Elapsed_Tick)
    clock_running                            0x20000970   Data           4  timer.o(.bss.clock_running)
    [Anonymous Symbol]                       0x20000970   Section        0  timer.o(.bss.clock_running)
    fp_list                                  0x20000974   Data          80  timer.o(.bss.fp_list)
    [Anonymous Symbol]                       0x20000974   Section        0  timer.o(.bss.fp_list)
    interrupt_display_ptr                    0x200009c4   Data           4  dot_matrix.o(.bss.interrupt_display_ptr)
    [Anonymous Symbol]                       0x200009c4   Section        0  dot_matrix.o(.bss.interrupt_display_ptr)
    tim2_func_intervals                      0x20000bc8   Data          80  timer.o(.bss.tim2_func_intervals)
    [Anonymous Symbol]                       0x20000bc8   Section        0  timer.o(.bss.tim2_func_intervals)
    tim2_func_timer                          0x20000c18   Data          80  timer.o(.bss.tim2_func_timer)
    [Anonymous Symbol]                       0x20000c18   Section        0  timer.o(.bss.tim2_func_timer)
    timer_ptr                                0x20000c68   Data           4  timer.o(.bss.timer_ptr)
    [Anonymous Symbol]                       0x20000c68   Section        0  timer.o(.bss.timer_ptr)
    Heap_Mem                                 0x20000c70   Data         512  startup_stm32f10x_md.o(HEAP)
    HEAP                                     0x20000c70   Section      512  startup_stm32f10x_md.o(HEAP)
    Stack_Mem                                0x20000e70   Data        1024  startup_stm32f10x_md.o(STACK)
    STACK                                    0x20000e70   Section     1024  startup_stm32f10x_md.o(STACK)
    __initial_sp                             0x20001270   Data           0  startup_stm32f10x_md.o(STACK)

    Global Symbols

    Symbol Name                              Value     Ov Type        Size  Object(Section)

    BuildAttributes$$THM_ISAv4$P$D$K$B$S$PE$A:L22UL41UL21$X:L11$S22US41US21$IEEE1$IW$~IW$USESV6$~STKCKD$USESV7$~SHL$OTIME$ROPI$IEEEJ$EBA8$UX$STANDARDLIB$REQ8$PRES8$EABIv2 0x00000000   Number         0  anon$$obj.o ABSOLUTE
    __fp_init_empty                          0x00000000   Number         0  fpinit_empty.o ABSOLUTE
    _printf_flags                            0x00000000   Number         0  printf_stubs.o ABSOLUTE
    _printf_return_value                     0x00000000   Number         0  printf_stubs.o ABSOLUTE
    _printf_sizespec                         0x00000000   Number         0  printf_stubs.o ABSOLUTE
    _printf_widthprec                        0x00000000   Number         0  printf_stubs.o ABSOLUTE
    __ARM_exceptions_init                     - Undefined Weak Reference
    __alloca_initialize                       - Undefined Weak Reference
    __arm_preinit_                            - Undefined Weak Reference
    __cpp_initialize__aeabi_                  - Undefined Weak Reference
    __cxa_finalize                            - Undefined Weak Reference
    __sigvec_lookup                           - Undefined Weak Reference
    __user_heap_extent                        - Undefined Weak Reference
    _atexit_init                              - Undefined Weak Reference
    _call_atexit_fns                          - Undefined Weak Reference
    _clock_init                               - Undefined Weak Reference
    _fp_trap_init                             - Undefined Weak Reference
    _fp_trap_shutdown                         - Undefined Weak Reference
    _get_lc_collate                           - Undefined Weak Reference
    _get_lc_monetary                          - Undefined Weak Reference
    _get_lc_time                              - Undefined Weak Reference
    _getenv_init                              - Undefined Weak Reference
    _handle_redirection                       - Undefined Weak Reference
    _initio                                   - Undefined Weak Reference
    _mutex_acquire                            - Undefined Weak Reference
    _mutex_free                               - Undefined Weak Reference
    _mutex_release                            - Undefined Weak Reference
    _printf_mbtowc                            - Undefined Weak Reference
    _printf_wc                                - Undefined Weak Reference
    _signal_finish                            - Undefined Weak Reference
    _signal_init                              - Undefined Weak Reference
    _terminateio                              - Undefined Weak Reference
    __Vectors_Size                           0x000000ec   Number         0  startup_stm32f10x_md.o ABSOLUTE
    __Vectors                                0x08000000   Data           4  startup_stm32f10x_md.o(RESET)
    __Vectors_End                            0x080000ec   Data           0  startup_stm32f10x_md.o(RESET)
    __main                                   0x080000ed   Thumb Code     8  __main.o(!!!main)
    __scatterload                            0x080000f5   Thumb Code     0  __scatter.o(!!!scatter)
    __scatterload_rt2                        0x080000f5   Thumb Code    44  __scatter.o(!!!scatter)
    __scatterload_rt2_thumb_only             0x080000f5   Thumb Code     0  __scatter.o(!!!scatter)
    __scatterload_null                       0x08000103   Thumb Code     0  __scatter.o(!!!scatter)
    __decompress                             0x08000129   Thumb Code   100  __dclz77c.o(!!dclz77c)
    __decompress2                            0x08000129   Thumb Code     0  __dclz77c.o(!!dclz77c)
    __scatterload_zeroinit                   0x0800018d   Thumb Code    28  __scatter_zi.o(!!handler_zi)
    _printf_n                                0x080001a9   Thumb Code     0  _printf_n.o(.ARM.Collect$$_printf_percent$$00000001)
    _printf_percent                          0x080001a9   Thumb Code     0  _printf_percent.o(.ARM.Collect$$_printf_percent$$00000000)
    _printf_p                                0x080001af   Thumb Code     0  _printf_p.o(.ARM.Collect$$_printf_percent$$00000002)
    _printf_f                                0x080001b5   Thumb Code     0  _printf_f.o(.ARM.Collect$$_printf_percent$$00000003)
    _printf_e                                0x080001bb   Thumb Code     0  _printf_e.o(.ARM.Collect$$_printf_percent$$00000004)
    _printf_g                                0x080001c1   Thumb Code     0  _printf_g.o(.ARM.Collect$$_printf_percent$$00000005)
    _printf_a                                0x080001c7   Thumb Code     0  _printf_a.o(.ARM.Collect$$_printf_percent$$00000006)
    _printf_ll                               0x080001cd   Thumb Code     0  _printf_ll.o(.ARM.Collect$$_printf_percent$$00000007)
    _printf_i                                0x080001d7   Thumb Code     0  _printf_i.o(.ARM.Collect$$_printf_percent$$00000008)
    _printf_d                                0x080001dd   Thumb Code     0  _printf_d.o(.ARM.Collect$$_printf_percent$$00000009)
    _printf_u                                0x080001e3   Thumb Code     0  _printf_u.o(.ARM.Collect$$_printf_percent$$0000000A)
    _printf_o                                0x080001e9   Thumb Code     0  _printf_o.o(.ARM.Collect$$_printf_percent$$0000000B)
    _printf_x                                0x080001ef   Thumb Code     0  _printf_x.o(.ARM.Collect$$_printf_percent$$0000000C)
    _printf_lli                              0x080001f5   Thumb Code     0  _printf_lli.o(.ARM.Collect$$_printf_percent$$0000000D)
    _printf_lld                              0x080001fb   Thumb Code     0  _printf_lld.o(.ARM.Collect$$_printf_percent$$0000000E)
    _printf_llu                              0x08000201   Thumb Code     0  _printf_llu.o(.ARM.Collect$$_printf_percent$$0000000F)
    _printf_llo                              0x08000207   Thumb Code     0  _printf_llo.o(.ARM.Collect$$_printf_percent$$00000010)
    _printf_llx                              0x0800020d   Thumb Code     0  _printf_llx.o(.ARM.Collect$$_printf_percent$$00000011)
    _printf_l                                0x08000213   Thumb Code     0  _printf_l.o(.ARM.Collect$$_printf_percent$$00000012)
    _printf_c                                0x0800021d   Thumb Code     0  _printf_c.o(.ARM.Collect$$_printf_percent$$00000013)
    _printf_s                                0x08000223   Thumb Code     0  _printf_s.o(.ARM.Collect$$_printf_percent$$00000014)
    _printf_lc                               0x08000229   Thumb Code     0  _printf_lc.o(.ARM.Collect$$_printf_percent$$00000015)
    _printf_ls                               0x0800022f   Thumb Code     0  _printf_ls.o(.ARM.Collect$$_printf_percent$$00000016)
    _printf_percent_end                      0x08000235   Thumb Code     0  _printf_percent_end.o(.ARM.Collect$$_printf_percent$$00000017)
    __rt_lib_init                            0x08000239   Thumb Code     0  libinit.o(.ARM.Collect$$libinit$$00000000)
    __rt_lib_init_fp_1                       0x0800023b   Thumb Code     0  libinit2.o(.ARM.Collect$$libinit$$00000002)
    __rt_lib_init_heap_2                     0x0800023b   Thumb Code     0  libinit2.o(.ARM.Collect$$libinit$$00000005)
    __rt_lib_init_preinit_1                  0x0800023b   Thumb Code     0  libinit2.o(.ARM.Collect$$libinit$$00000004)
    __rt_lib_init_heap_1                     0x08000243   Thumb Code     0  libinit2.o(.ARM.Collect$$libinit$$0000000A)
    __rt_lib_init_rand_2                     0x08000243   Thumb Code     0  libinit2.o(.ARM.Collect$$libinit$$0000000D)
    __rt_lib_init_user_alloc_1               0x08000243   Thumb Code     0  libinit2.o(.ARM.Collect$$libinit$$0000000C)
    __rt_lib_init_lc_common                  0x08000247   Thumb Code     0  libinit2.o(.ARM.Collect$$libinit$$0000000F)
    __rt_lib_init_rand_1                     0x08000247   Thumb Code     0  libinit2.o(.ARM.Collect$$libinit$$0000000E)
    __rt_lib_init_lc_collate_1               0x0800024d   Thumb Code     0  libinit2.o(.ARM.Collect$$libinit$$00000011)
    __rt_lib_init_lc_ctype_2                 0x0800024d   Thumb Code     0  libinit2.o(.ARM.Collect$$libinit$$00000012)
    __rt_lib_init_lc_ctype_1                 0x08000259   Thumb Code     0  libinit2.o(.ARM.Collect$$libinit$$00000013)
    __rt_lib_init_lc_monetary_1              0x08000259   Thumb Code     0  libinit2.o(.ARM.Collect$$libinit$$00000015)
    __rt_lib_init_lc_numeric_2               0x08000259   Thumb Code     0  libinit2.o(.ARM.Collect$$libinit$$00000016)
    __rt_lib_init_alloca_1                   0x08000263   Thumb Code     0  libinit2.o(.ARM.Collect$$libinit$$0000002E)
    __rt_lib_init_argv_1                     0x08000263   Thumb Code     0  libinit2.o(.ARM.Collect$$libinit$$0000002C)
    __rt_lib_init_atexit_1                   0x08000263   Thumb Code     0  libinit2.o(.ARM.Collect$$libinit$$0000001B)
    __rt_lib_init_clock_1                    0x08000263   Thumb Code     0  libinit2.o(.ARM.Collect$$libinit$$00000021)
    __rt_lib_init_cpp_1                      0x08000263   Thumb Code     0  libinit2.o(.ARM.Collect$$libinit$$00000032)
    __rt_lib_init_exceptions_1               0x08000263   Thumb Code     0  libinit2.o(.ARM.Collect$$libinit$$00000030)
    __rt_lib_init_fp_trap_1                  0x08000263   Thumb Code     0  libinit2.o(.ARM.Collect$$libinit$$0000001F)
    __rt_lib_init_getenv_1                   0x08000263   Thumb Code     0  libinit2.o(.ARM.Collect$$libinit$$00000023)
    __rt_lib_init_lc_numeric_1               0x08000263   Thumb Code     0  libinit2.o(.ARM.Collect$$libinit$$00000017)
    __rt_lib_init_lc_time_1                  0x08000263   Thumb Code     0  libinit2.o(.ARM.Collect$$libinit$$00000019)
    __rt_lib_init_return                     0x08000263   Thumb Code     0  libinit2.o(.ARM.Collect$$libinit$$00000033)
    __rt_lib_init_signal_1                   0x08000263   Thumb Code     0  libinit2.o(.ARM.Collect$$libinit$$0000001D)
    __rt_lib_init_stdio_1                    0x08000263   Thumb Code     0  libinit2.o(.ARM.Collect$$libinit$$00000025)
    __rt_lib_shutdown                        0x08000265   Thumb Code     0  libshutdown.o(.ARM.Collect$$libshutdown$$00000000)
    __rt_lib_shutdown_cpp_1                  0x08000267   Thumb Code     0  libshutdown2.o(.ARM.Collect$$libshutdown$$00000002)
    __rt_lib_shutdown_fp_trap_1              0x08000267   Thumb Code     0  libshutdown2.o(.ARM.Collect$$libshutdown$$00000007)
    __rt_lib_shutdown_heap_1                 0x08000267   Thumb Code     0  libshutdown2.o(.ARM.Collect$$libshutdown$$0000000F)
    __rt_lib_shutdown_return                 0x08000267   Thumb Code     0  libshutdown2.o(.ARM.Collect$$libshutdown$$00000010)
    __rt_lib_shutdown_signal_1               0x08000267   Thumb Code     0  libshutdown2.o(.ARM.Collect$$libshutdown$$0000000A)
    __rt_lib_shutdown_stdio_1                0x08000267   Thumb Code     0  libshutdown2.o(.ARM.Collect$$libshutdown$$00000004)
    __rt_lib_shutdown_user_alloc_1           0x08000267   Thumb Code     0  libshutdown2.o(.ARM.Collect$$libshutdown$$0000000C)
    __rt_entry                               0x08000269   Thumb Code     0  __rtentry.o(.ARM.Collect$$rtentry$$00000000)
    __rt_entry_presh_1                       0x08000269   Thumb Code     0  __rtentry2.o(.ARM.Collect$$rtentry$$00000002)
    __rt_entry_sh                            0x08000269   Thumb Code     0  __rtentry4.o(.ARM.Collect$$rtentry$$00000004)
    __rt_entry_li                            0x0800026f   Thumb Code     0  __rtentry2.o(.ARM.Collect$$rtentry$$0000000A)
    __rt_entry_postsh_1                      0x0800026f   Thumb Code     0  __rtentry2.o(.ARM.Collect$$rtentry$$00000009)
    __rt_entry_main                          0x08000273   Thumb Code     0  __rtentry2.o(.ARM.Collect$$rtentry$$0000000D)
    __rt_entry_postli_1                      0x08000273   Thumb Code     0  __rtentry2.o(.ARM.Collect$$rtentry$$0000000C)
    __rt_exit                                0x0800027b   Thumb Code     0  rtexit.o(.ARM.Collect$$rtexit$$00000000)
    __rt_exit_ls                             0x0800027d   Thumb Code     0  rtexit2.o(.ARM.Collect$$rtexit$$00000003)
    __rt_exit_prels_1                        0x0800027d   Thumb Code     0  rtexit2.o(.ARM.Collect$$rtexit$$00000002)
    __rt_exit_exit                           0x08000281   Thumb Code     0  rtexit2.o(.ARM.Collect$$rtexit$$00000004)
    rand                                     0x08000289   Thumb Code    48  rand.o(.emb_text)
    Reset_Handler                            0x080002bd   Thumb Code     8  startup_stm32f10x_md.o(.text)
    NMI_Handler                              0x080002c5   Thumb Code     2  startup_stm32f10x_md.o(.text)
    HardFault_Handler                        0x080002c7   Thumb Code     2  startup_stm32f10x_md.o(.text)
    MemManage_Handler                        0x080002c9   Thumb Code     2  startup_stm32f10x_md.o(.text)
    BusFault_Handler                         0x080002cb   Thumb Code     2  startup_stm32f10x_md.o(.text)
    UsageFault_Handler                       0x080002cd   Thumb Code     2  startup_stm32f10x_md.o(.text)
    SVC_Handler                              0x080002cf   Thumb Code     2  startup_stm32f10x_md.o(.text)
    DebugMon_Handler                         0x080002d1   Thumb Code     2  startup_stm32f10x_md.o(.text)
    PendSV_Handler                           0x080002d3   Thumb Code     2  startup_stm32f10x_md.o(.text)
    SysTick_Handler                          0x080002d5   Thumb Code     2  startup_stm32f10x_md.o(.text)
    CAN1_RX1_IRQHandler                      0x080002d7   Thumb Code     0  startup_stm32f10x_md.o(.text)
    CAN1_SCE_IRQHandler                      0x080002d7   Thumb Code     0  startup_stm32f10x_md.o(.text)
    DMA1_Channel1_IRQHandler                 0x080002d7   Thumb Code     0  startup_stm32f10x_md.o(.text)
    DMA1_Channel2_IRQHandler                 0x080002d7   Thumb Code     0  startup_stm32f10x_md.o(.text)
    DMA1_Channel3_IRQHandler                 0x080002d7   Thumb Code     0  startup_stm32f10x_md.o(.text)
    DMA1_Channel4_IRQHandler                 0x080002d7   Thumb Code     0  startup_stm32f10x_md.o(.text)
    DMA1_Channel5_IRQHandler                 0x080002d7   Thumb Code     0  startup_stm32f10x_md.o(.text)
    DMA1_Channel6_IRQHandler                 0x080002d7   Thumb Code     0  startup_stm32f10x_md.o(.text)
    DMA1_Channel7_IRQHandler                 0x080002d7   Thumb Code     0  startup_stm32f10x_md.o(.text)
    EXTI0_IRQHandler                         0x080002d7   Thumb Code     0  startup_stm32f10x_md.o(.text)
    EXTI15_10_IRQHandler                     0x080002d7   Thumb Code     0  startup_stm32f10x_md.o(.text)
    EXTI1_IRQHandler                         0x080002d7   Thumb Code     0  startup_stm32f10x_md.o(.text)
    EXTI2_IRQHandler                         0x080002d7   Thumb Code     0  startup_stm32f10x_md.o(.text)
    EXTI3_IRQHandler                         0x080002d7   Thumb Code     0  startup_stm32f10x_md.o(.text)
    EXTI4_IRQHandler                         0x080002d7   Thumb Code     0  startup_stm32f10x_md.o(.text)
    EXTI9_5_IRQHandler                       0x080002d7   Thumb Code     0  startup_stm32f10x_md.o(.text)
    FLASH_IRQHandler                         0x080002d7   Thumb Code     0  startup_stm32f10x_md.o(.text)
    I2C1_ER_IRQHandler                       0x080002d7   Thumb Code     0  startup_stm32f10x_md.o(.text)
    I2C1_EV_IRQHandler                       0x080002d7   Thumb Code     0  startup_stm32f10x_md.o(.text)
    I2C2_ER_IRQHandler                       0x080002d7   Thumb Code     0  startup_stm32f10x_md.o(.text)
    I2C2_EV_IRQHandler                       0x080002d7   Thumb Code     0  startup_stm32f10x_md.o(.text)
    PVD_IRQHandler                           0x080002d7   Thumb Code     0  startup_stm32f10x_md.o(.text)
    RCC_IRQHandler                           0x080002d7   Thumb Code     0  startup_stm32f10x_md.o(.text)
    RTCAlarm_IRQHandler                      0x080002d7   Thumb Code     0  startup_stm32f10x_md.o(.text)
    RTC_IRQHandler                           0x080002d7   Thumb Code     0  startup_stm32f10x_md.o(.text)
    SPI1_IRQHandler                          0x080002d7   Thumb Code     0  startup_stm32f10x_md.o(.text)
    SPI2_IRQHandler                          0x080002d7   Thumb Code     0  startup_stm32f10x_md.o(.text)
    TAMPER_IRQHandler                        0x080002d7   Thumb Code     0  startup_stm32f10x_md.o(.text)
    TIM1_BRK_IRQHandler                      0x080002d7   Thumb Code     0  startup_stm32f10x_md.o(.text)
    TIM1_CC_IRQHandler                       0x080002d7   Thumb Code     0  startup_stm32f10x_md.o(.text)
    TIM1_TRG_COM_IRQHandler                  0x080002d7   Thumb Code     0  startup_stm32f10x_md.o(.text)
    USART2_IRQHandler                        0x080002d7   Thumb Code     0  startup_stm32f10x_md.o(.text)
    USART3_IRQHandler                        0x080002d7   Thumb Code     0  startup_stm32f10x_md.o(.text)
    USBWakeUp_IRQHandler                     0x080002d7   Thumb Code     0  startup_stm32f10x_md.o(.text)
    USB_HP_CAN1_TX_IRQHandler                0x080002d7   Thumb Code     0  startup_stm32f10x_md.o(.text)
    USB_LP_CAN1_RX0_IRQHandler               0x080002d7   Thumb Code     0  startup_stm32f10x_md.o(.text)
    WWDG_IRQHandler                          0x080002d7   Thumb Code     0  startup_stm32f10x_md.o(.text)
    __user_initial_stackheap                 0x080002d9   Thumb Code     0  startup_stm32f10x_md.o(.text)
    malloc                                   0x080002fd   Thumb Code    94  h1_alloc.o(.text)
    free                                     0x0800035b   Thumb Code    78  h1_free.o(.text)
    sprintf                                  0x080003a9   Thumb Code    38  sprintf.o(.text)
    abs                                      0x080003d5   Thumb Code     8  abs.o(.text)
    srand                                    0x080003dd   Thumb Code    42  rand.o(.text)
    _rand_init                               0x08000407   Thumb Code     4  rand.o(.text)
    __aeabi_assert                           0x08000419   Thumb Code    86  assert.o(.text)
    __assert                                 0x08000419   Thumb Code     0  assert.o(.text)
    strcpy                                   0x08000499   Thumb Code    72  strcpy.o(.text)
    strlen                                   0x080004e1   Thumb Code    62  strlen.o(.text)
    __use_two_region_memory                  0x0800051f   Thumb Code     2  heapauxi.o(.text)
    __rt_heap_escrow                         0x08000521   Thumb Code     2  heapauxi.o(.text)
    __rt_heap_expand                         0x08000523   Thumb Code     2  heapauxi.o(.text)
    __rt_heap_descriptor                     0x08000525   Thumb Code     8  rt_heap_descriptor_intlibspace.o(.text)
    __use_no_heap                            0x0800052d   Thumb Code     2  hguard.o(.text)
    __heap$guard                             0x0800052f   Thumb Code     2  hguard.o(.text)
    _terminate_user_alloc                    0x08000531   Thumb Code     2  init_alloc.o(.text)
    _init_user_alloc                         0x08000533   Thumb Code     2  init_alloc.o(.text)
    __Heap_Full                              0x08000535   Thumb Code    34  init_alloc.o(.text)
    __Heap_Broken                            0x08000557   Thumb Code     6  init_alloc.o(.text)
    _init_alloc                              0x0800055d   Thumb Code    94  init_alloc.o(.text)
    __Heap_Initialize                        0x080005bb   Thumb Code    10  h1_init.o(.text)
    __Heap_DescSize                          0x080005c5   Thumb Code     4  h1_init.o(.text)
    _printf_pre_padding                      0x080005c9   Thumb Code    44  _printf_pad.o(.text)
    _printf_post_padding                     0x080005f5   Thumb Code    34  _printf_pad.o(.text)
    _printf_truncate_signed                  0x08000617   Thumb Code    18  _printf_truncate.o(.text)
    _printf_truncate_unsigned                0x08000629   Thumb Code    18  _printf_truncate.o(.text)
    _printf_str                              0x0800063b   Thumb Code    82  _printf_str.o(.text)
    _printf_int_dec                          0x0800068d   Thumb Code   104  _printf_dec.o(.text)
    _printf_charcount                        0x08000705   Thumb Code    40  _printf_charcount.o(.text)
    _printf_char_common                      0x08000737   Thumb Code    32  _printf_char_common.o(.text)
    _sputc                                   0x0800075d   Thumb Code    10  _sputc.o(.text)
    _printf_wctomb                           0x08000769   Thumb Code   182  _printf_wctomb.o(.text)
    _printf_longlong_dec                     0x08000825   Thumb Code   108  _printf_longlong_dec.o(.text)
    _printf_longlong_oct                     0x080008a1   Thumb Code    68  _printf_oct_int_ll.o(.text)
    _printf_int_oct                          0x080008e5   Thumb Code    24  _printf_oct_int_ll.o(.text)
    _printf_ll_oct                           0x080008fd   Thumb Code    12  _printf_oct_int_ll.o(.text)
    _printf_longlong_hex                     0x08000911   Thumb Code    86  _printf_hex_int_ll_ptr.o(.text)
    _printf_int_hex                          0x08000967   Thumb Code    28  _printf_hex_int_ll_ptr.o(.text)
    _printf_ll_hex                           0x08000983   Thumb Code    12  _printf_hex_int_ll_ptr.o(.text)
    _printf_hex_ptr                          0x0800098f   Thumb Code    18  _printf_hex_int_ll_ptr.o(.text)
    __printf                                 0x080009a5   Thumb Code   388  __printf_flags_ss_wp.o(.text)
    abort                                    0x08000b2d   Thumb Code    22  abort.o(.text)
    __assert_puts                            0x08000b43   Thumb Code    20  assert_puts.o(.text)
    _ttywrch                                 0x08000b57   Thumb Code    14  sys_wrch.o(.text)
    _sys_exit                                0x08000b65   Thumb Code     8  sys_exit.o(.text)
    __user_libspace                          0x08000b71   Thumb Code     8  libspace.o(.text)
    __user_perproc_libspace                  0x08000b71   Thumb Code     0  libspace.o(.text)
    __user_perthread_libspace                0x08000b71   Thumb Code     0  libspace.o(.text)
    __Heap_ProvideMemory                     0x08000b79   Thumb Code    52  h1_extend.o(.text)
    _maybe_terminate_alloc                   0x08000b79   Thumb Code     0  maybetermalloc1.o(.text)
    _ll_udiv10                               0x08000bad   Thumb Code   138  lludiv10.o(.text)
    _printf_int_common                       0x08000c37   Thumb Code   178  _printf_intcommon.o(.text)
    _printf_fp_dec_real                      0x08000e99   Thumb Code   620  _printf_fp_dec.o(.text)
    _printf_fp_hex_real                      0x08001105   Thumb Code   756  _printf_fp_hex.o(.text)
    _printf_cs_common                        0x08001401   Thumb Code    20  _printf_char.o(.text)
    _printf_char                             0x08001415   Thumb Code    16  _printf_char.o(.text)
    _printf_string                           0x08001425   Thumb Code     8  _printf_char.o(.text)
    _printf_lcs_common                       0x0800142d   Thumb Code    20  _printf_wchar.o(.text)
    _printf_wchar                            0x08001441   Thumb Code    16  _printf_wchar.o(.text)
    _printf_wstring                          0x08001451   Thumb Code     8  _printf_wchar.o(.text)
    _c16rtomb                                0x08001459   Thumb Code    72  _c16rtomb.o(.text)
    _wcrtomb                                 0x08001459   Thumb Code     0  _c16rtomb.o(.text)
    __rt_SIGABRT                             0x080014a1   Thumb Code    14  defsig_abrt_outer.o(.text)
    __rt_SIGRTMEM                            0x080014af   Thumb Code    14  defsig_rtmem_outer.o(.text)
    __I$use$semihosting                      0x080014bd   Thumb Code     0  use_no_semi.o(.text)
    __use_no_semihosting_swi                 0x080014bd   Thumb Code     2  use_no_semi.o(.text)
    __semihosting_library_function           0x080014bf   Thumb Code     0  indicate_semi.o(.text)
    __user_setup_stackheap                   0x080014bf   Thumb Code    74  sys_stackheap_outer.o(.text)
    __rt_ctype_table                         0x08001509   Thumb Code    16  rt_ctype_table.o(.text)
    __rt_locale                              0x08001519   Thumb Code     8  rt_locale_intlibspace.o(.text)
    _printf_fp_infnan                        0x08001521   Thumb Code   112  _printf_fp_infnan.o(.text)
    _btod_etento                             0x080015a1   Thumb Code   224  bigflt0.o(.text)
    exit                                     0x08001685   Thumb Code    18  exit.o(.text)
    __sig_exit                               0x08001697   Thumb Code    10  defsig_exit.o(.text)
    __rt_SIGABRT_inner                       0x080016a1   Thumb Code    14  defsig_abrt_inner.o(.text)
    __rt_SIGRTMEM_inner                      0x080016d1   Thumb Code    22  defsig_rtmem_inner.o(.text)
    __default_signal_display                 0x08001721   Thumb Code    50  defsig_general.o(.text)
    strcmp                                   0x08001755   Thumb Code   128  strcmpv7m.o(.text)
    ADC1_2_IRQHandler                        0x080017d5   Thumb Code    56  adc.o(.text.ADC1_2_IRQHandler)
    FLASH_ErasePage                          0x0800180d   Thumb Code   106  stm32f10x_flash.o(.text.FLASH_ErasePage)
    FLASH_GetBank1Status                     0x08001879   Thumb Code   104  stm32f10x_flash.o(.text.FLASH_GetBank1Status)
    FLASH_Lock                               0x080018e1   Thumb Code    18  stm32f10x_flash.o(.text.FLASH_Lock)
    FLASH_ProgramWord                        0x080018f5   Thumb Code   160  stm32f10x_flash.o(.text.FLASH_ProgramWord)
    FLASH_Unlock                             0x08001995   Thumb Code    30  stm32f10x_flash.o(.text.FLASH_Unlock)
    FLASH_WaitForLastOperation               0x080019b5   Thumb Code    94  stm32f10x_flash.o(.text.FLASH_WaitForLastOperation)
    StateMachine                             0x08001b41   Thumb Code  1378  main.o(.text.StateMachine)
    SystemInit                               0x080020a5   Thumb Code   102  system_stm32f10x.o(.text.SystemInit)
    TIM1_UP_IRQHandler                       0x0800210d   Thumb Code   234  timer.o(.text.TIM1_UP_IRQHandler)
    TIM2_IRQHandler                          0x080021f9   Thumb Code   192  timer.o(.text.TIM2_IRQHandler)
    TIM3_IRQHandler                          0x080022b9   Thumb Code   146  dot_matrix.o(.text.TIM3_IRQHandler)
    TIM4_IRQHandler                          0x0800234d   Thumb Code   504  dot_matrix.o(.text.TIM4_IRQHandler)
    Tx_Link                                  0x08002545   Thumb Code   222  usart.o(.text.Tx_Link)
    USART1_IRQHandler                        0x08002625   Thumb Code   418  usart.o(.text.USART1_IRQHandler)
    claer_output_buf                         0x08002829   Thumb Code    44  dot_matrix.o(.text.claer_output_buf)
    demux_message                            0x08002855   Thumb Code    98  usart.o(.text.demux_message)
    fast_interrupt2_setup                    0x080028b9   Thumb Code    46  timer.o(.text.fast_interrupt2_setup)
    fast_interrupt_setup                     0x080028e9   Thumb Code    46  timer.o(.text.fast_interrupt_setup)
    flash_display                            0x08002919   Thumb Code    52  dot_matrix.o(.text.flash_display)
    flash_toggle                             0x0800294d   Thumb Code    60  dot_matrix.o(.text.flash_toggle)
    init_GPIO_pin                            0x08002989   Thumb Code   610  gpio.o(.text.init_GPIO_pin)
    init_USART                               0x08002bed   Thumb Code   244  usart.o(.text.init_USART)
    init_dot_display                         0x08002ce1   Thumb Code   144  dot_matrix.o(.text.init_dot_display)
    init_dot_pattern                         0x08002d71   Thumb Code   160  dot_matrix.o(.text.init_dot_pattern)
    init_timer                               0x08002e11   Thumb Code   372  timer.o(.text.init_timer)
    main                                     0x08002f85   Thumb Code   158  main.o(.text.main)
    monitoring_periodically                  0x08003025   Thumb Code   124  usart.o(.text.monitoring_periodically)
    monitoring_rcv                           0x080030a1   Thumb Code    20  usart.o(.text.monitoring_rcv)
    monitoring_repeat_send                   0x080030b5   Thumb Code    26  usart.o(.text.monitoring_repeat_send)
    monitoring_send                          0x080030d1   Thumb Code    28  usart.o(.text.monitoring_send)
    no_more_function_call                    0x080030ed   Thumb Code   102  timer.o(.text.no_more_function_call)
    now_time                                 0x08003155   Thumb Code    12  timer.o(.text.now_time)
    print_string_display                     0x08003161   Thumb Code   136  dot_matrix.o(.text.print_string_display)
    print_temp                               0x080031e9   Thumb Code   158  main.o(.text.print_temp)
    print_time                               0x08003289   Thumb Code   204  main.o(.text.print_time)
    request_function_call                    0x08003355   Thumb Code   184  timer.o(.text.request_function_call)
    reverse_rolling                          0x0800340d   Thumb Code    58  dot_matrix.o(.text.reverse_rolling)
    rotate_display                           0x08003449   Thumb Code    52  dot_matrix.o(.text.rotate_display)
    run_clock                                0x0800347d   Thumb Code    14  timer.o(.text.run_clock)
    send_message                             0x0800348d   Thumb Code   236  usart.o(.text.send_message)
    set_second_pointer                       0x08003579   Thumb Code    40  timer.o(.text.set_second_pointer)
    set_up_monitoring_master                 0x080035a1   Thumb Code    26  usart.o(.text.set_up_monitoring_master)
    stop_clock                               0x080035bd   Thumb Code    14  timer.o(.text.stop_clock)
    turn_on_display                          0x08003691   Thumb Code    18  dot_matrix.o(.text.turn_on_display)
    write_val_to_GPIO                        0x080036a5   Thumb Code    94  gpio.o(.text.write_val_to_GPIO)
    _btod_d2e                                0x08003703   Thumb Code    62  btod.o(CL$$btod_d2e)
    _d2e_denorm_low                          0x08003741   Thumb Code    70  btod.o(CL$$btod_d2e_denorm_low)
    _d2e_norm_op1                            0x08003787   Thumb Code    96  btod.o(CL$$btod_d2e_norm_op1)
    __btod_div_common                        0x080037e9   Thumb Code   696  btod.o(CL$$btod_div_common)
    _e2e                                     0x08003b21   Thumb Code   220  btod.o(CL$$btod_e2e)
    _btod_ediv                               0x08003bfd   Thumb Code    42  btod.o(CL$$btod_ediv)
    _btod_emul                               0x08003c27   Thumb Code    42  btod.o(CL$$btod_emul)
    __btod_mult_common                       0x08003c51   Thumb Code   580  btod.o(CL$$btod_mult_common)
    __ARM_fpclassify                         0x08003e95   Thumb Code    40  fpclassify.o(i.__ARM_fpclassify)
    _is_digit                                0x08003ebd   Thumb Code    14  __printf_wp.o(i._is_digit)
    _get_lc_numeric                          0x08003ecd   Thumb Code    44  lc_numeric_c.o(locale$$code)
    _get_lc_ctype                            0x08003ef9   Thumb Code    44  lc_ctype_c.o(locale$$code)
    _printf_fp_dec                           0x08003f25   Thumb Code     4  printf1.o(x$fpl$printf1)
    _printf_fp_hex                           0x08003f29   Thumb Code     4  printf2.o(x$fpl$printf2)
    __I$use$fp                               0x08003f2c   Number         0  usenofp.o(x$fpl$usenofp)
    Region$$Table$$Base                      0x08004104   Number         0  anon$$obj.o(Region$$Table)
    Region$$Table$$Limit                     0x08004124   Number         0  anon$$obj.o(Region$$Table)
    __ctype                                  0x0800414d   Data           0  lc_ctype_c.o(locale$$data)
    font8x8                                  0x20000000   Data        2048  dot_matrix.o(.data.font8x8)
    _random_number_data                      0x20000800   Data         228  rand.o(.bss)
    __libspace_start                         0x200008e4   Data          96  libspace.o(.bss)
    __temporary_stack_top$libspace           0x20000944   Data           0  libspace.o(.bss)
    BoardState                               0x20000946   Data           1  main.o(.bss.BoardState)
    Celcius                                  0x20000948   Data           4  adc.o(.bss.Celcius)
    CommandRecieved                          0x2000094c   Data           1  main.o(.bss.CommandRecieved)
    RecentCommand                            0x20000950   Data           4  main.o(.bss.RecentCommand)
    TempVal                                  0x20000958   Data           4  main.o(.bss.TempVal)
    is_Celci                                 0x200009c8   Data           1  main.o(.bss.is_Celci)
    main_display                             0x200009cc   Data          88  main.o(.bss.main_display)
    main_timer                               0x20000a24   Data          16  main.o(.bss.main_timer)
    main_usart                               0x20000a34   Data         404  usart.o(.bss.main_usart)



==============================================================================

Memory Map of the image

  Image Entry point : 0x080002bd

  Load Region LR_1 (Base: 0x08000000, Size: 0x00004a50, Max: 0xffffffff, ABSOLUTE, COMPRESSED[0x00004588])

    Execution Region ER_RO (Exec base: 0x08000000, Load base: 0x08000000, Size: 0x00004250, Max: 0xffffffff, ABSOLUTE)

    Exec Addr    Load Addr    Size         Type   Attr      Idx    E Section Name        Object

    0x08000000   0x08000000   0x000000ec   Data   RO          248    RESET               startup_stm32f10x_md.o
    0x080000ec   0x080000ec   0x00000008   Code   RO          353  * !!!main             c_w.l(__main.o)
    0x080000f4   0x080000f4   0x00000034   Code   RO          742    !!!scatter          c_w.l(__scatter.o)
    0x08000128   0x08000128   0x00000064   Code   RO          740    !!dclz77c           c_w.l(__dclz77c.o)
    0x0800018c   0x0800018c   0x0000001c   Code   RO          744    !!handler_zi        c_w.l(__scatter_zi.o)
    0x080001a8   0x080001a8   0x00000000   Code   RO          462    .ARM.Collect$$_printf_percent$$00000000  c_w.l(_printf_percent.o)
    0x080001a8   0x080001a8   0x00000006   Code   RO          451    .ARM.Collect$$_printf_percent$$00000001  c_w.l(_printf_n.o)
    0x080001ae   0x080001ae   0x00000006   Code   RO          453    .ARM.Collect$$_printf_percent$$00000002  c_w.l(_printf_p.o)
    0x080001b4   0x080001b4   0x00000006   Code   RO          458    .ARM.Collect$$_printf_percent$$00000003  c_w.l(_printf_f.o)
    0x080001ba   0x080001ba   0x00000006   Code   RO          459    .ARM.Collect$$_printf_percent$$00000004  c_w.l(_printf_e.o)
    0x080001c0   0x080001c0   0x00000006   Code   RO          460    .ARM.Collect$$_printf_percent$$00000005  c_w.l(_printf_g.o)
    0x080001c6   0x080001c6   0x00000006   Code   RO          461    .ARM.Collect$$_printf_percent$$00000006  c_w.l(_printf_a.o)
    0x080001cc   0x080001cc   0x0000000a   Code   RO          466    .ARM.Collect$$_printf_percent$$00000007  c_w.l(_printf_ll.o)
    0x080001d6   0x080001d6   0x00000006   Code   RO          455    .ARM.Collect$$_printf_percent$$00000008  c_w.l(_printf_i.o)
    0x080001dc   0x080001dc   0x00000006   Code   RO          456    .ARM.Collect$$_printf_percent$$00000009  c_w.l(_printf_d.o)
    0x080001e2   0x080001e2   0x00000006   Code   RO          457    .ARM.Collect$$_printf_percent$$0000000A  c_w.l(_printf_u.o)
    0x080001e8   0x080001e8   0x00000006   Code   RO          454    .ARM.Collect$$_printf_percent$$0000000B  c_w.l(_printf_o.o)
    0x080001ee   0x080001ee   0x00000006   Code   RO          452    .ARM.Collect$$_printf_percent$$0000000C  c_w.l(_printf_x.o)
    0x080001f4   0x080001f4   0x00000006   Code   RO          463    .ARM.Collect$$_printf_percent$$0000000D  c_w.l(_printf_lli.o)
    0x080001fa   0x080001fa   0x00000006   Code   RO          464    .ARM.Collect$$_printf_percent$$0000000E  c_w.l(_printf_lld.o)
    0x08000200   0x08000200   0x00000006   Code   RO          465    .ARM.Collect$$_printf_percent$$0000000F  c_w.l(_printf_llu.o)
    0x08000206   0x08000206   0x00000006   Code   RO          470    .ARM.Collect$$_printf_percent$$00000010  c_w.l(_printf_llo.o)
    0x0800020c   0x0800020c   0x00000006   Code   RO          471    .ARM.Collect$$_printf_percent$$00000011  c_w.l(_printf_llx.o)
    0x08000212   0x08000212   0x0000000a   Code   RO          467    .ARM.Collect$$_printf_percent$$00000012  c_w.l(_printf_l.o)
    0x0800021c   0x0800021c   0x00000006   Code   RO          449    .ARM.Collect$$_printf_percent$$00000013  c_w.l(_printf_c.o)
    0x08000222   0x08000222   0x00000006   Code   RO          450    .ARM.Collect$$_printf_percent$$00000014  c_w.l(_printf_s.o)
    0x08000228   0x08000228   0x00000006   Code   RO          468    .ARM.Collect$$_printf_percent$$00000015  c_w.l(_printf_lc.o)
    0x0800022e   0x0800022e   0x00000006   Code   RO          469    .ARM.Collect$$_printf_percent$$00000016  c_w.l(_printf_ls.o)
    0x08000234   0x08000234   0x00000004   Code   RO          588    .ARM.Collect$$_printf_percent$$00000017  c_w.l(_printf_percent_end.o)
    0x08000238   0x08000238   0x00000002   Code   RO          671    .ARM.Collect$$libinit$$00000000  c_w.l(libinit.o)
    0x0800023a   0x0800023a   0x00000000   Code   RO          481    .ARM.Collect$$libinit$$00000002  c_w.l(libinit2.o)
    0x0800023a   0x0800023a   0x00000000   Code   RO          483    .ARM.Collect$$libinit$$00000004  c_w.l(libinit2.o)
    0x0800023a   0x0800023a   0x00000008   Code   RO          484    .ARM.Collect$$libinit$$00000005  c_w.l(libinit2.o)
    0x08000242   0x08000242   0x00000000   Code   RO          486    .ARM.Collect$$libinit$$0000000A  c_w.l(libinit2.o)
    0x08000242   0x08000242   0x00000000   Code   RO          488    .ARM.Collect$$libinit$$0000000C  c_w.l(libinit2.o)
    0x08000242   0x08000242   0x00000004   Code   RO          489    .ARM.Collect$$libinit$$0000000D  c_w.l(libinit2.o)
    0x08000246   0x08000246   0x00000000   Code   RO          490    .ARM.Collect$$libinit$$0000000E  c_w.l(libinit2.o)
    0x08000246   0x08000246   0x00000006   Code   RO          491    .ARM.Collect$$libinit$$0000000F  c_w.l(libinit2.o)
    0x0800024c   0x0800024c   0x00000000   Code   RO          493    .ARM.Collect$$libinit$$00000011  c_w.l(libinit2.o)
    0x0800024c   0x0800024c   0x0000000c   Code   RO          494    .ARM.Collect$$libinit$$00000012  c_w.l(libinit2.o)
    0x08000258   0x08000258   0x00000000   Code   RO          495    .ARM.Collect$$libinit$$00000013  c_w.l(libinit2.o)
    0x08000258   0x08000258   0x00000000   Code   RO          497    .ARM.Collect$$libinit$$00000015  c_w.l(libinit2.o)
    0x08000258   0x08000258   0x0000000a   Code   RO          498    .ARM.Collect$$libinit$$00000016  c_w.l(libinit2.o)
    0x08000262   0x08000262   0x00000000   Code   RO          499    .ARM.Collect$$libinit$$00000017  c_w.l(libinit2.o)
    0x08000262   0x08000262   0x00000000   Code   RO          501    .ARM.Collect$$libinit$$00000019  c_w.l(libinit2.o)
    0x08000262   0x08000262   0x00000000   Code   RO          503    .ARM.Collect$$libinit$$0000001B  c_w.l(libinit2.o)
    0x08000262   0x08000262   0x00000000   Code   RO          505    .ARM.Collect$$libinit$$0000001D  c_w.l(libinit2.o)
    0x08000262   0x08000262   0x00000000   Code   RO          507    .ARM.Collect$$libinit$$0000001F  c_w.l(libinit2.o)
    0x08000262   0x08000262   0x00000000   Code   RO          509    .ARM.Collect$$libinit$$00000021  c_w.l(libinit2.o)
    0x08000262   0x08000262   0x00000000   Code   RO          511    .ARM.Collect$$libinit$$00000023  c_w.l(libinit2.o)
    0x08000262   0x08000262   0x00000000   Code   RO          513    .ARM.Collect$$libinit$$00000025  c_w.l(libinit2.o)
    0x08000262   0x08000262   0x00000000   Code   RO          517    .ARM.Collect$$libinit$$0000002C  c_w.l(libinit2.o)
    0x08000262   0x08000262   0x00000000   Code   RO          519    .ARM.Collect$$libinit$$0000002E  c_w.l(libinit2.o)
    0x08000262   0x08000262   0x00000000   Code   RO          521    .ARM.Collect$$libinit$$00000030  c_w.l(libinit2.o)
    0x08000262   0x08000262   0x00000000   Code   RO          523    .ARM.Collect$$libinit$$00000032  c_w.l(libinit2.o)
    0x08000262   0x08000262   0x00000002   Code   RO          524    .ARM.Collect$$libinit$$00000033  c_w.l(libinit2.o)
    0x08000264   0x08000264   0x00000002   Code   RO          737    .ARM.Collect$$libshutdown$$00000000  c_w.l(libshutdown.o)
    0x08000266   0x08000266   0x00000000   Code   RO          695    .ARM.Collect$$libshutdown$$00000002  c_w.l(libshutdown2.o)
    0x08000266   0x08000266   0x00000000   Code   RO          697    .ARM.Collect$$libshutdown$$00000004  c_w.l(libshutdown2.o)
    0x08000266   0x08000266   0x00000000   Code   RO          700    .ARM.Collect$$libshutdown$$00000007  c_w.l(libshutdown2.o)
    0x08000266   0x08000266   0x00000000   Code   RO          703    .ARM.Collect$$libshutdown$$0000000A  c_w.l(libshutdown2.o)
    0x08000266   0x08000266   0x00000000   Code   RO          705    .ARM.Collect$$libshutdown$$0000000C  c_w.l(libshutdown2.o)
    0x08000266   0x08000266   0x00000000   Code   RO          708    .ARM.Collect$$libshutdown$$0000000F  c_w.l(libshutdown2.o)
    0x08000266   0x08000266   0x00000002   Code   RO          709    .ARM.Collect$$libshutdown$$00000010  c_w.l(libshutdown2.o)
    0x08000268   0x08000268   0x00000000   Code   RO          357    .ARM.Collect$$rtentry$$00000000  c_w.l(__rtentry.o)
    0x08000268   0x08000268   0x00000000   Code   RO          549    .ARM.Collect$$rtentry$$00000002  c_w.l(__rtentry2.o)
    0x08000268   0x08000268   0x00000006   Code   RO          561    .ARM.Collect$$rtentry$$00000004  c_w.l(__rtentry4.o)
    0x0800026e   0x0800026e   0x00000000   Code   RO          551    .ARM.Collect$$rtentry$$00000009  c_w.l(__rtentry2.o)
    0x0800026e   0x0800026e   0x00000004   Code   RO          552    .ARM.Collect$$rtentry$$0000000A  c_w.l(__rtentry2.o)
    0x08000272   0x08000272   0x00000000   Code   RO          554    .ARM.Collect$$rtentry$$0000000C  c_w.l(__rtentry2.o)
    0x08000272   0x08000272   0x00000008   Code   RO          555    .ARM.Collect$$rtentry$$0000000D  c_w.l(__rtentry2.o)
    0x0800027a   0x0800027a   0x00000002   Code   RO          677    .ARM.Collect$$rtexit$$00000000  c_w.l(rtexit.o)
    0x0800027c   0x0800027c   0x00000000   Code   RO          711    .ARM.Collect$$rtexit$$00000002  c_w.l(rtexit2.o)
    0x0800027c   0x0800027c   0x00000004   Code   RO          712    .ARM.Collect$$rtexit$$00000003  c_w.l(rtexit2.o)
    0x08000280   0x08000280   0x00000006   Code   RO          713    .ARM.Collect$$rtexit$$00000004  c_w.l(rtexit2.o)
    0x08000286   0x08000286   0x00000002   PAD
    0x08000288   0x08000288   0x00000034   Code   RO          340    .emb_text           c_w.l(rand.o)
    0x080002bc   0x080002bc   0x00000040   Code   RO          249  * .text               startup_stm32f10x_md.o
    0x080002fc   0x080002fc   0x0000005e   Code   RO          278    .text               c_w.l(h1_alloc.o)
    0x0800035a   0x0800035a   0x0000004e   Code   RO          280    .text               c_w.l(h1_free.o)
    0x080003a8   0x080003a8   0x0000002c   Code   RO          336    .text               c_w.l(sprintf.o)
    0x080003d4   0x080003d4   0x00000008   Code   RO          338    .text               c_w.l(abs.o)
    0x080003dc   0x080003dc   0x0000003c   Code   RO          341    .text               c_w.l(rand.o)
    0x08000418   0x08000418   0x00000080   Code   RO          345    .text               c_w.l(assert.o)
    0x08000498   0x08000498   0x00000048   Code   RO          347    .text               c_w.l(strcpy.o)
    0x080004e0   0x080004e0   0x0000003e   Code   RO          349    .text               c_w.l(strlen.o)
    0x0800051e   0x0800051e   0x00000006   Code   RO          351    .text               c_w.l(heapauxi.o)
    0x08000524   0x08000524   0x00000008   Code   RO          361    .text               c_w.l(rt_heap_descriptor_intlibspace.o)
    0x0800052c   0x0800052c   0x00000004   Code   RO          363    .text               c_w.l(hguard.o)
    0x08000530   0x08000530   0x0000008a   Code   RO          365    .text               c_w.l(init_alloc.o)
    0x080005ba   0x080005ba   0x0000000e   Code   RO          369    .text               c_w.l(h1_init.o)
    0x080005c8   0x080005c8   0x0000004e   Code   RO          383    .text               c_w.l(_printf_pad.o)
    0x08000616   0x08000616   0x00000024   Code   RO          385    .text               c_w.l(_printf_truncate.o)
    0x0800063a   0x0800063a   0x00000052   Code   RO          387    .text               c_w.l(_printf_str.o)
    0x0800068c   0x0800068c   0x00000078   Code   RO          389    .text               c_w.l(_printf_dec.o)
    0x08000704   0x08000704   0x00000028   Code   RO          391    .text               c_w.l(_printf_charcount.o)
    0x0800072c   0x0800072c   0x00000030   Code   RO          393    .text               c_w.l(_printf_char_common.o)
    0x0800075c   0x0800075c   0x0000000a   Code   RO          395    .text               c_w.l(_sputc.o)
    0x08000766   0x08000766   0x00000002   PAD
    0x08000768   0x08000768   0x000000bc   Code   RO          397    .text               c_w.l(_printf_wctomb.o)
    0x08000824   0x08000824   0x0000007c   Code   RO          400    .text               c_w.l(_printf_longlong_dec.o)
    0x080008a0   0x080008a0   0x00000070   Code   RO          406    .text               c_w.l(_printf_oct_int_ll.o)
    0x08000910   0x08000910   0x00000094   Code   RO          426    .text               c_w.l(_printf_hex_int_ll_ptr.o)
    0x080009a4   0x080009a4   0x00000188   Code   RO          446    .text               c_w.l(__printf_flags_ss_wp.o)
    0x08000b2c   0x08000b2c   0x00000016   Code   RO          472    .text               c_w.l(abort.o)
    0x08000b42   0x08000b42   0x00000014   Code   RO          474    .text               c_w.l(assert_puts.o)
    0x08000b56   0x08000b56   0x0000000e   Code   RO          533    .text               c_w.l(sys_wrch.o)
    0x08000b64   0x08000b64   0x0000000c   Code   RO          537    .text               c_w.l(sys_exit.o)
    0x08000b70   0x08000b70   0x00000008   Code   RO          545    .text               c_w.l(libspace.o)
    0x08000b78   0x08000b78   0x00000000   Code   RO          565    .text               c_w.l(maybetermalloc1.o)
    0x08000b78   0x08000b78   0x00000034   Code   RO          567    .text               c_w.l(h1_extend.o)
    0x08000bac   0x08000bac   0x0000008a   Code   RO          571    .text               c_w.l(lludiv10.o)
    0x08000c36   0x08000c36   0x000000b2   Code   RO          573    .text               c_w.l(_printf_intcommon.o)
    0x08000ce8   0x08000ce8   0x0000041c   Code   RO          575    .text               c_w.l(_printf_fp_dec.o)
    0x08001104   0x08001104   0x000002fc   Code   RO          579    .text               c_w.l(_printf_fp_hex.o)
    0x08001400   0x08001400   0x0000002c   Code   RO          584    .text               c_w.l(_printf_char.o)
    0x0800142c   0x0800142c   0x0000002c   Code   RO          586    .text               c_w.l(_printf_wchar.o)
    0x08001458   0x08001458   0x00000048   Code   RO          589    .text               c_w.l(_c16rtomb.o)
    0x080014a0   0x080014a0   0x0000000e   Code   RO          591    .text               c_w.l(defsig_abrt_outer.o)
    0x080014ae   0x080014ae   0x0000000e   Code   RO          595    .text               c_w.l(defsig_rtmem_outer.o)
    0x080014bc   0x080014bc   0x00000002   Code   RO          606    .text               c_w.l(use_no_semi.o)
    0x080014be   0x080014be   0x00000000   Code   RO          608    .text               c_w.l(indicate_semi.o)
    0x080014be   0x080014be   0x0000004a   Code   RO          609    .text               c_w.l(sys_stackheap_outer.o)
    0x08001508   0x08001508   0x00000010   Code   RO          611    .text               c_w.l(rt_ctype_table.o)
    0x08001518   0x08001518   0x00000008   Code   RO          618    .text               c_w.l(rt_locale_intlibspace.o)
    0x08001520   0x08001520   0x00000080   Code   RO          622    .text               c_w.l(_printf_fp_infnan.o)
    0x080015a0   0x080015a0   0x000000e4   Code   RO          624    .text               c_w.l(bigflt0.o)
    0x08001684   0x08001684   0x00000012   Code   RO          654    .text               c_w.l(exit.o)
    0x08001696   0x08001696   0x0000000a   Code   RO          656    .text               c_w.l(defsig_exit.o)
    0x080016a0   0x080016a0   0x00000030   Code   RO          658    .text               c_w.l(defsig_abrt_inner.o)
    0x080016d0   0x080016d0   0x00000050   Code   RO          660    .text               c_w.l(defsig_rtmem_inner.o)
    0x08001720   0x08001720   0x00000032   Code   RO          690    .text               c_w.l(defsig_general.o)
    0x08001752   0x08001752   0x00000002   PAD
    0x08001754   0x08001754   0x00000080   Code   RO          692    .text               c_w.l(strcmpv7m.o)
    0x080017d4   0x080017d4   0x00000038   Code   RO            4    .text.ADC1_2_IRQHandler  adc.o
    0x0800180c   0x0800180c   0x0000006a   Code   RO          198    .text.FLASH_ErasePage  stm32f10x_flash.o
    0x08001876   0x08001876   0x00000002   PAD
    0x08001878   0x08001878   0x00000068   Code   RO          238    .text.FLASH_GetBank1Status  stm32f10x_flash.o
    0x080018e0   0x080018e0   0x00000012   Code   RO          194    .text.FLASH_Lock    stm32f10x_flash.o
    0x080018f2   0x080018f2   0x00000002   PAD
    0x080018f4   0x080018f4   0x000000a0   Code   RO          212    .text.FLASH_ProgramWord  stm32f10x_flash.o
    0x08001994   0x08001994   0x0000001e   Code   RO          190    .text.FLASH_Unlock  stm32f10x_flash.o
    0x080019b2   0x080019b2   0x00000002   PAD
    0x080019b4   0x080019b4   0x0000005e   Code   RO          200    .text.FLASH_WaitForLastOperation  stm32f10x_flash.o
    0x08001a12   0x08001a12   0x00000002   PAD
    0x08001a14   0x08001a14   0x00000008   Code   RO          258    .text.SetSysClock   system_stm32f10x.o
    0x08001a1c   0x08001a1c   0x00000122   Code   RO          262    .text.SetSysClockTo72  system_stm32f10x.o
    0x08001b3e   0x08001b3e   0x00000002   PAD
    0x08001b40   0x08001b40   0x00000562   Code   RO           79    .text.StateMachine  main.o
    0x080020a2   0x080020a2   0x00000002   PAD
    0x080020a4   0x080020a4   0x00000066   Code   RO          256    .text.SystemInit    system_stm32f10x.o
    0x0800210a   0x0800210a   0x00000002   PAD
    0x0800210c   0x0800210c   0x000000ea   Code   RO          116    .text.TIM1_UP_IRQHandler  timer.o
    0x080021f6   0x080021f6   0x00000002   PAD
    0x080021f8   0x080021f8   0x000000c0   Code   RO          126    .text.TIM2_IRQHandler  timer.o
    0x080022b8   0x080022b8   0x00000092   Code   RO           37    .text.TIM3_IRQHandler  dot_matrix.o
    0x0800234a   0x0800234a   0x00000002   PAD
    0x0800234c   0x0800234c   0x000001f8   Code   RO           35    .text.TIM4_IRQHandler  dot_matrix.o
    0x08002544   0x08002544   0x000000de   Code   RO          169    .text.Tx_Link       usart.o
    0x08002622   0x08002622   0x00000002   PAD
    0x08002624   0x08002624   0x000001a2   Code   RO          173    .text.USART1_IRQHandler  usart.o
    0x080027c6   0x080027c6   0x00000002   PAD
    0x080027c8   0x080027c8   0x0000005e   Code   RO           85    .text.boot_up_read_flash  main.o
    0x08002826   0x08002826   0x00000002   PAD
    0x08002828   0x08002828   0x0000002c   Code   RO           19    .text.claer_output_buf  dot_matrix.o
    0x08002854   0x08002854   0x00000062   Code   RO          171    .text.demux_message  usart.o
    0x080028b6   0x080028b6   0x00000002   PAD
    0x080028b8   0x080028b8   0x0000002e   Code   RO          134    .text.fast_interrupt2_setup  timer.o
    0x080028e6   0x080028e6   0x00000002   PAD
    0x080028e8   0x080028e8   0x0000002e   Code   RO          128    .text.fast_interrupt_setup  timer.o
    0x08002916   0x08002916   0x00000002   PAD
    0x08002918   0x08002918   0x00000034   Code   RO           27    .text.flash_display  dot_matrix.o
    0x0800294c   0x0800294c   0x0000003c   Code   RO           25    .text.flash_toggle  dot_matrix.o
    0x08002988   0x08002988   0x00000262   Code   RO           48    .text.init_GPIO_pin  gpio.o
    0x08002bea   0x08002bea   0x00000002   PAD
    0x08002bec   0x08002bec   0x000000f4   Code   RO          155    .text.init_USART    usart.o
    0x08002ce0   0x08002ce0   0x00000090   Code   RO           17    .text.init_dot_display  dot_matrix.o
    0x08002d70   0x08002d70   0x000000a0   Code   RO           15    .text.init_dot_pattern  dot_matrix.o
    0x08002e10   0x08002e10   0x00000174   Code   RO          108    .text.init_timer    timer.o
    0x08002f84   0x08002f84   0x0000009e   Code   RO           77    .text.main          main.o
    0x08003022   0x08003022   0x00000002   PAD
    0x08003024   0x08003024   0x0000007c   Code   RO          159    .text.monitoring_periodically  usart.o
    0x080030a0   0x080030a0   0x00000014   Code   RO          165    .text.monitoring_rcv  usart.o
    0x080030b4   0x080030b4   0x0000001a   Code   RO          167    .text.monitoring_repeat_send  usart.o
    0x080030ce   0x080030ce   0x00000002   PAD
    0x080030d0   0x080030d0   0x0000001c   Code   RO          161    .text.monitoring_send  usart.o
    0x080030ec   0x080030ec   0x00000066   Code   RO          124    .text.no_more_function_call  timer.o
    0x08003152   0x08003152   0x00000002   PAD
    0x08003154   0x08003154   0x0000000c   Code   RO          118    .text.now_time      timer.o
    0x08003160   0x08003160   0x00000088   Code   RO           21    .text.print_string_display  dot_matrix.o
    0x080031e8   0x080031e8   0x0000009e   Code   RO           83    .text.print_temp    main.o
    0x08003286   0x08003286   0x00000002   PAD
    0x08003288   0x08003288   0x000000cc   Code   RO           81    .text.print_time    main.o
    0x08003354   0x08003354   0x000000b8   Code   RO          122    .text.request_function_call  timer.o
    0x0800340c   0x0800340c   0x0000003a   Code   RO           31    .text.reverse_rolling  dot_matrix.o
    0x08003446   0x08003446   0x00000002   PAD
    0x08003448   0x08003448   0x00000034   Code   RO           29    .text.rotate_display  dot_matrix.o
    0x0800347c   0x0800347c   0x0000000e   Code   RO          110    .text.run_clock     timer.o
    0x0800348a   0x0800348a   0x00000002   PAD
    0x0800348c   0x0800348c   0x000000ec   Code   RO          163    .text.send_message  usart.o
    0x08003578   0x08003578   0x00000028   Code   RO          114    .text.set_second_pointer  timer.o
    0x080035a0   0x080035a0   0x0000001a   Code   RO          157    .text.set_up_monitoring_master  usart.o
    0x080035ba   0x080035ba   0x00000002   PAD
    0x080035bc   0x080035bc   0x0000000e   Code   RO          112    .text.stop_clock    timer.o
    0x080035ca   0x080035ca   0x00000002   PAD
    0x080035cc   0x080035cc   0x000000c4   Code   RO           87    .text.store_data    main.o
    0x08003690   0x08003690   0x00000012   Code   RO           23    .text.turn_on_display  dot_matrix.o
    0x080036a2   0x080036a2   0x00000002   PAD
    0x080036a4   0x080036a4   0x0000005e   Code   RO           50    .text.write_val_to_GPIO  gpio.o
    0x08003702   0x08003702   0x0000003e   Code   RO          627    CL$$btod_d2e        c_w.l(btod.o)
    0x08003740   0x08003740   0x00000046   Code   RO          629    CL$$btod_d2e_denorm_low  c_w.l(btod.o)
    0x08003786   0x08003786   0x00000060   Code   RO          628    CL$$btod_d2e_norm_op1  c_w.l(btod.o)
    0x080037e6   0x080037e6   0x00000002   PAD
    0x080037e8   0x080037e8   0x00000338   Code   RO          637    CL$$btod_div_common  c_w.l(btod.o)
    0x08003b20   0x08003b20   0x000000dc   Code   RO          634    CL$$btod_e2e        c_w.l(btod.o)
    0x08003bfc   0x08003bfc   0x0000002a   Code   RO          631    CL$$btod_ediv       c_w.l(btod.o)
    0x08003c26   0x08003c26   0x0000002a   Code   RO          630    CL$$btod_emul       c_w.l(btod.o)
    0x08003c50   0x08003c50   0x00000244   Code   RO          636    CL$$btod_mult_common  c_w.l(btod.o)
    0x08003e94   0x08003e94   0x00000028   Code   RO          675    i.__ARM_fpclassify  m_ws.l(fpclassify.o)
    0x08003ebc   0x08003ebc   0x0000000e   Code   RO          439    i._is_digit         c_w.l(__printf_wp.o)
    0x08003eca   0x08003eca   0x00000002   PAD
    0x08003ecc   0x08003ecc   0x0000002c   Code   RO          652    locale$$code        c_w.l(lc_numeric_c.o)
    0x08003ef8   0x08003ef8   0x0000002c   Code   RO          686    locale$$code        c_w.l(lc_ctype_c.o)
    0x08003f24   0x08003f24   0x00000004   Code   RO          525    x$fpl$printf1       fz_ws.l(printf1.o)
    0x08003f28   0x08003f28   0x00000004   Code   RO          527    x$fpl$printf2       fz_ws.l(printf2.o)
    0x08003f2c   0x08003f2c   0x00000000   Code   RO          674    x$fpl$usenofp       fz_ws.l(usenofp.o)
    0x08003f2c   0x08003f2c   0x00000008   Data   RO          398    .constdata          c_w.l(_printf_wctomb.o)
    0x08003f34   0x08003f34   0x00000028   Data   RO          427    .constdata          c_w.l(_printf_hex_int_ll_ptr.o)
    0x08003f5c   0x08003f5c   0x00000011   Data   RO          447    .constdata          c_w.l(__printf_flags_ss_wp.o)
    0x08003f6d   0x08003f6d   0x00000026   Data   RO          580    .constdata          c_w.l(_printf_fp_hex.o)
    0x08003f93   0x08003f93   0x00000001   PAD
    0x08003f94   0x08003f94   0x00000094   Data   RO          625    .constdata          c_w.l(bigflt0.o)
    0x08004028   0x08004028   0x00000069   Data   RO           56    .rodata.str1.1      gpio.o
    0x08004091   0x08004091   0x00000034   Data   RO           96    .rodata.str1.1      main.o
    0x080040c5   0x080040c5   0x0000003d   Data   RO          144    .rodata.str1.1      timer.o
    0x08004102   0x08004102   0x00000002   PAD
    0x08004104   0x08004104   0x00000020   Data   RO          739    Region$$Table       anon$$obj.o
    0x08004124   0x08004124   0x0000001c   Data   RO          651    locale$$data        c_w.l(lc_numeric_c.o)
    0x08004140   0x08004140   0x00000110   Data   RO          685    locale$$data        c_w.l(lc_ctype_c.o)


    Execution Region ER_RW (Exec base: 0x20000000, Load base: 0x08004250, Size: 0x00000800, Max: 0xffffffff, ABSOLUTE, COMPRESSED[0x00000338])

    Exec Addr    Load Addr    Size         Type   Attr      Idx    E Section Name        Object

    0x20000000   COMPRESSED   0x00000800   Data   RW           39    .data.font8x8       dot_matrix.o


    Execution Region ER_ZI (Exec base: 0x20000800, Load base: 0x08004588, Size: 0x00000a70, Max: 0xffffffff, ABSOLUTE)

    Exec Addr    Load Addr    Size         Type   Attr      Idx    E Section Name        Object

    0x20000800        -       0x000000e4   Zero   RW          342    .bss                c_w.l(rand.o)
    0x200008e4        -       0x00000060   Zero   RW          546    .bss                c_w.l(libspace.o)
    0x20000944        -       0x00000002   Zero   RW            7    .bss.ADCConverted   adc.o
    0x20000946        -       0x00000001   Zero   RW           92    .bss.BoardState     main.o
    0x20000947   0x08004588   0x00000001   PAD
    0x20000948        -       0x00000004   Zero   RW            6    .bss.Celcius        adc.o
    0x2000094c        -       0x00000001   Zero   RW           94    .bss.CommandRecieved  main.o
    0x2000094d   0x08004588   0x00000003   PAD
    0x20000950        -       0x00000004   Zero   RW           93    .bss.RecentCommand  main.o
    0x20000954        -       0x00000001   Zero   RW           97    .bss.StateMachine.pre_state  main.o
    0x20000955   0x08004588   0x00000003   PAD
    0x20000958        -       0x00000004   Zero   RW           90    .bss.TempVal        main.o
    0x2000095c   0x08004588   0x00000004   PAD
    0x20000960        -       0x00000008   Zero   RW          140    .bss.Total_Elapsed_Sec  timer.o
    0x20000968        -       0x00000008   Zero   RW          141    .bss.Total_Elapsed_Tick  timer.o
    0x20000970        -       0x00000004   Zero   RW          142    .bss.clock_running  timer.o
    0x20000974        -       0x00000050   Zero   RW          145    .bss.fp_list        timer.o
    0x200009c4        -       0x00000004   Zero   RW           40    .bss.interrupt_display_ptr  dot_matrix.o
    0x200009c8        -       0x00000001   Zero   RW           91    .bss.is_Celci       main.o
    0x200009c9   0x08004588   0x00000003   PAD
    0x200009cc        -       0x00000058   Zero   RW           95    .bss.main_display   main.o
    0x20000a24        -       0x00000010   Zero   RW           89    .bss.main_timer     main.o
    0x20000a34        -       0x00000194   Zero   RW          175    .bss.main_usart     usart.o
    0x20000bc8        -       0x00000050   Zero   RW          146    .bss.tim2_func_intervals  timer.o
    0x20000c18        -       0x00000050   Zero   RW          147    .bss.tim2_func_timer  timer.o
    0x20000c68        -       0x00000004   Zero   RW          143    .bss.timer_ptr      timer.o
    0x20000c6c   0x08004588   0x00000004   PAD
    0x20000c70        -       0x00000200   Zero   RW          247    HEAP                startup_stm32f10x_md.o
    0x20000e70        -       0x00000400   Zero   RW          246    STACK               startup_stm32f10x_md.o


==============================================================================

Image component sizes


      Code (inc. data)   RO Data    RW Data    ZI Data      Debug   Object Name

        56          0          0          0          6       2573   adc.o
      1374          0          0       2048          4       7070   dot_matrix.o
       704         12        105          0          0       3981   gpio.o
      2188         10         52          0        116       5265   main.o
        64         26        236          0       1536        864   startup_stm32f10x_md.o
       512          0          0          0          0       6861   stm32f10x_flash.o
       400          0          0          0          0       2917   system_stm32f10x.o
      1256          0         61          0        264       5044   timer.o
      1442          4          0          0        404       6575   usart.o

    ----------------------------------------------------------------------
      8046         52        488       2048       2348      41150   Object Totals
         0          0         32          0          0          0   (incl. Generated)
        50          0          2          0         18          0   (incl. Padding)

    ----------------------------------------------------------------------

      Code (inc. data)   RO Data    RW Data    ZI Data      Debug   Library Member Name

       100          0          0          0          0          0   __dclz77c.o
         8          0          0          0          0         68   __main.o
       392          4         17          0          0         92   __printf_flags_ss_wp.o
        14          0          0          0          0         68   __printf_wp.o
         0          0          0          0          0          0   __rtentry.o
        12          0          0          0          0          0   __rtentry2.o
         6          0          0          0          0          0   __rtentry4.o
        52          8          0          0          0          0   __scatter.o
        28          0          0          0          0          0   __scatter_zi.o
        72          0          0          0          0         96   _c16rtomb.o
         6          0          0          0          0          0   _printf_a.o
         6          0          0          0          0          0   _printf_c.o
        44          0          0          0          0        108   _printf_char.o
        48          6          0          0          0         96   _printf_char_common.o
        40          0          0          0          0         68   _printf_charcount.o
         6          0          0          0          0          0   _printf_d.o
       120         16          0          0          0         92   _printf_dec.o
         6          0          0          0          0          0   _printf_e.o
         6          0          0          0          0          0   _printf_f.o
      1052          0          0          0          0        148   _printf_fp_dec.o
       764          8         38          0          0        100   _printf_fp_hex.o
       128         16          0          0          0         84   _printf_fp_infnan.o
         6          0          0          0          0          0   _printf_g.o
       148          4         40          0          0        160   _printf_hex_int_ll_ptr.o
         6          0          0          0          0          0   _printf_i.o
       178          0          0          0          0         88   _printf_intcommon.o
        10          0          0          0          0          0   _printf_l.o
         6          0          0          0          0          0   _printf_lc.o
        10          0          0          0          0          0   _printf_ll.o
         6          0          0          0          0          0   _printf_lld.o
         6          0          0          0          0          0   _printf_lli.o
         6          0          0          0          0          0   _printf_llo.o
         6          0          0          0          0          0   _printf_llu.o
         6          0          0          0          0          0   _printf_llx.o
       124         16          0          0          0         92   _printf_longlong_dec.o
         6          0          0          0          0          0   _printf_ls.o
         6          0          0          0          0          0   _printf_n.o
         6          0          0          0          0          0   _printf_o.o
       112          8          0          0          0        124   _printf_oct_int_ll.o
         6          0          0          0          0          0   _printf_p.o
        78          0          0          0          0        108   _printf_pad.o
         0          0          0          0          0          0   _printf_percent.o
         4          0          0          0          0          0   _printf_percent_end.o
         6          0          0          0          0          0   _printf_s.o
        82          0          0          0          0         80   _printf_str.o
        36          0          0          0          0         84   _printf_truncate.o
         6          0          0          0          0          0   _printf_u.o
        44          0          0          0          0        108   _printf_wchar.o
       188          6          8          0          0         92   _printf_wctomb.o
         6          0          0          0          0          0   _printf_x.o
        10          0          0          0          0         68   _sputc.o
        22          0          0          0          0         80   abort.o
         8          0          0          0          0         68   abs.o
       128         42          0          0          0         76   assert.o
        20          0          0          0          0         76   assert_puts.o
       228          4        148          0          0         96   bigflt0.o
      1936        128          0          0          0        668   btod.o
        48         34          0          0          0         76   defsig_abrt_inner.o
        14          0          0          0          0         80   defsig_abrt_outer.o
        10          0          0          0          0         68   defsig_exit.o
        50          0          0          0          0         88   defsig_general.o
        80         58          0          0          0         76   defsig_rtmem_inner.o
        14          0          0          0          0         80   defsig_rtmem_outer.o
        18          0          0          0          0         80   exit.o
        94          0          0          0          0         80   h1_alloc.o
        52          0          0          0          0         68   h1_extend.o
        78          0          0          0          0         80   h1_free.o
        14          0          0          0          0         84   h1_init.o
         6          0          0          0          0        152   heapauxi.o
         4          0          0          0          0        136   hguard.o
         0          0          0          0          0          0   indicate_semi.o
       138          0          0          0          0        168   init_alloc.o
        44         10        272          0          0         76   lc_ctype_c.o
        44         10         28          0          0         76   lc_numeric_c.o
         2          0          0          0          0          0   libinit.o
        42          0          0          0          0          0   libinit2.o
         2          0          0          0          0          0   libshutdown.o
         2          0          0          0          0          0   libshutdown2.o
         8          4          0          0         96         68   libspace.o
       138          0          0          0          0         80   lludiv10.o
         0          0          0          0          0          0   maybetermalloc1.o
       112         18          0          0        228        160   rand.o
        16          4          0          0          0         76   rt_ctype_table.o
         8          4          0          0          0         68   rt_heap_descriptor_intlibspace.o
         8          4          0          0          0         68   rt_locale_intlibspace.o
         2          0          0          0          0          0   rtexit.o
        10          0          0          0          0          0   rtexit2.o
        44          6          0          0          0         84   sprintf.o
       128          0          0          0          0         68   strcmpv7m.o
        72          0          0          0          0         80   strcpy.o
        62          0          0          0          0         76   strlen.o
        12          4          0          0          0         68   sys_exit.o
        74          0          0          0          0         80   sys_stackheap_outer.o
        14          0          0          0          0         76   sys_wrch.o
         2          0          0          0          0         68   use_no_semi.o
         4          0          0          0          0         68   printf1.o
         4          0          0          0          0         68   printf2.o
         0          0          0          0          0          0   usenofp.o
        40          0          0          0          0         68   fpclassify.o

    ----------------------------------------------------------------------
      7890        422        552          0        324       5880   Library Totals
        10          0          1          0          0          0   (incl. Padding)

    ----------------------------------------------------------------------

      Code (inc. data)   RO Data    RW Data    ZI Data      Debug   Library Name

      7832        422        551          0        324       5676   c_w.l
         8          0          0          0          0        136   fz_ws.l
        40          0          0          0          0         68   m_ws.l

    ----------------------------------------------------------------------
      7890        422        552          0        324       5880   Library Totals

    ----------------------------------------------------------------------

==============================================================================


      Code (inc. data)   RO Data    RW Data    ZI Data      Debug   

     15936        474       1040       2048       2672      43558   Grand Totals
     15936        474       1040        824       2672      43558   ELF Image Totals (compressed)
     15936        474       1040        824          0          0   ROM Totals

==============================================================================

    Total RO  Size (Code + RO Data)                16976 (  16.58kB)
    Total RW  Size (RW Data + ZI Data)              4720 (   4.61kB)
    Total ROM Size (Code + RO Data + RW Data)      17800 (  17.38kB)

==============================================================================

